kenga: scene "Title" from D:\GoEngineKenga\samples\cyber_ninja\scenes\title.scene.json (13 entities)
{
  "Surfaces": {
    "NumAllocated": 1,
    "NumKeptFromUser": 1,
    "NumReleasedFromUser": 0,
    "NumError": 0,
    "ElementSize": 160
  },
  "Vulkan": null,
  "Metal": null,
  "Dx12": null,
  "Dx11": null,
  "Gl": {
    "Adapters": {
      "NumAllocated": 0,
      "NumKeptFromUser": 0,
      "NumReleasedFromUser": 0,
      "NumError": 0,
      "ElementSize": 304
    },
    "Devices": {
      "NumAllocated": 0,
      "NumKeptFromUser": 0,
      "NumReleasedFromUser": 0,
      "NumError": 0,
      "ElementSize": 10776
    },
    "PipelineLayouts": {
      "NumAllocated": 0,
      "NumKeptFromUser": 0,
      "NumReleasedFromUser": 0,
      "NumError": 0,
      "ElementSize": 216
    },
    "ShaderModules": {
      "NumAllocated": 0,
      "NumKeptFromUser": 0,
      "NumReleasedFromUser": 0,
      "NumError": 0,
      "ElementSize": 824
    },
    "BindGroupLayouts": {
      "NumAllocated": 0,
      "NumKeptFromUser": 0,
      "NumReleasedFromUser": 0,
      "NumError": 0,
      "ElementSize": 232
    },
    "BindGroups": {
      "NumAllocated": 0,
      "NumKeptFromUser": 0,
      "NumReleasedFromUser": 0,
      "NumError": 0,
      "ElementSize": 304
    },
    "CommandBuffers": {
      "NumAllocated": 0,
      "NumKeptFromUser": 0,
      "NumReleasedFromUser": 0,
      "NumError": 0,
      "ElementSize": 9400
    },
    "RenderBundles": {
      "NumAllocated": 0,
      "NumKeptFromUser": 0,
      "NumReleasedFromUser": 0,
      "NumError": 0,
      "ElementSize": 848
    },
    "RenderPipelines": {
      "NumAllocated": 0,
      "NumKeptFromUser": 0,
      "NumReleasedFromUser": 0,
      "NumError": 0,
      "ElementSize": 712
    },
    "ComputePipelines": {
      "NumAllocated": 0,
      "NumKeptFromUser": 0,
      "NumReleasedFromUser": 0,
      "NumError": 0,
      "ElementSize": 280
    },
    "QuerySets": {
      "NumAllocated": 0,
      "NumKeptFromUser": 0,
      "NumReleasedFromUser": 0,
      "NumError": 0,
      "ElementSize": 88
    },
    "Buffers": {
      "NumAllocated": 0,
      "NumKeptFromUser": 0,
      "NumReleasedFromUser": 0,
      "NumError": 0,
      "ElementSize": 240
    },
    "Textures": {
      "NumAllocated": 0,
      "NumKeptFromUser": 0,
      "NumReleasedFromUser": 0,
      "NumError": 0,
      "ElementSize": 712
    },
    "TextureViews": {
      "NumAllocated": 0,
      "NumKeptFromUser": 0,
      "NumReleasedFromUser": 0,
      "NumError": 0,
      "ElementSize": 216
    },
    "Samplers": {
      "NumAllocated": 0,
      "NumKeptFromUser": 0,
      "NumReleasedFromUser": 0,
      "NumError": 0,
      "ElementSize": 64
    }
  }
}